// Jest Snapshot v1, https://goo.gl/fbAQLP

exports[`generateLinkedList should generate linked list from values 2 1`] = `
{
  "next": {
    "next": {
      "next": {
        "next": {
          "next": {
            "next": {
              "next": {
                "next": {
                  "next": {
                    "next": {
                      "next": {
                        "next": null,
                        "value": null,
                      },
                      "value": 2345,
                    },
                    "value": 5,
                  },
                  "value": 123,
                },
                "value": null,
              },
              "value": 67,
            },
            "value": 65,
          },
          "value": 5,
        },
        "value": 4,
      },
      "value": 3,
    },
    "value": 2,
  },
  "value": 1,
}
`;
